[backblue.gif]
[fade.gif]
[index.html]
[emlakciplatinum.platinum.webdeneme.com/site_document/icon_img/favicon.jpg]
[maxcdn.bootstrapcdn.com/bootstrap/3.3.6/css/bootstrap.min.css]
[hemencdn.com/interface/platinum/css/main.css]
[hemencdn.com/interface/platinum/js/modernizr.min.js]
[ajax.googleapis.com/ajax/libs/jquery/2.2.0/jquery.js]
[emlakciplatinum.platinum.webdeneme.com/WebResource80cd.js]
[emlakciplatinum.platinum.webdeneme.com/ScriptResource48ca.js]
[emlakciplatinum.platinum.webdeneme.com/ScriptResource3169.js]
[emlakciplatinum.platinum.webdeneme.com/site_document/files/resim/logo2png_85157.png]
[emlakciplatinum.platinum.webdeneme.com/site_document/anim_img/slider-1218963558.jpg]
[emlakciplatinum.platinum.webdeneme.com/site_document/anim_img/slider-1938124250.jpg]
[emlakciplatinum.platinum.webdeneme.com/site_document/anim_img/slider-1092553130.jpg]
[emlakciplatinum.platinum.webdeneme.com/site_document/anim_img/slider-1413494358.jpg]
[emlakciplatinum.platinum.webdeneme.com/site_document/urun_img/uskudar-satilik-daire-1415442751_s.jpg]
[emlakciplatinum.platinum.webdeneme.com/site_document/urun_img/eyup-satilik-isyeri-1759723709_s.jpg]
[emlakciplatinum.platinum.webdeneme.com/site_document/urun_img/avcilar-satilik-daire-600470407_s.jpg]
[emlakciplatinum.platinum.webdeneme.com/site_document/urun_img/bagcilarda-kiralik-daire-2038455565_s.jpg]
[emlakciplatinum.platinum.webdeneme.com/site_document/kutuResim/blok-1682017JVSWE.jpg]
[emlakciplatinum.platinum.webdeneme.com/site_document/sayfa_img/3LNWVI5CN_resim_13_1_2017_13_s.jpg]
[emlakciplatinum.platinum.webdeneme.com/site_document/sayfa_img/6ZY61VV28_resim_13_1_2017_13_s.jpg]
[emlakciplatinum.platinum.webdeneme.com/site_document/sayfa_img/NFJIUBPPZ_resim_13_1_2017_13_s.jpg]
[emlakciplatinum.platinum.webdeneme.com/site_document/kutuResim/blok-1312017ZWL35.jpg]
[connect.facebook.net/tr_TR/sdk.js]
[emlakciplatinum.platinum.webdeneme.com/index.html]
[emlakciplatinum.platinum.webdeneme.com/site_document/icon_img/favicon_b.html]
[maxcdn.bootstrapcdn.com/bootstrap/3.3.6/css/bootstrap.min.css]
[maxcdn.bootstrapcdn.com/bootstrap/3.3.6/js/bootstrap.min.js]
[hemencdn.com/interface/platinum/js/main.js]
[hemencdn.com/interface/platinum/img/fancybox_sprite.png]
[hemencdn.com/interface/platinum/img/fancybox_loading.gif]
[hemencdn.com/interface/platinum/css/blank.gif]
[hemencdn.com/interface/platinum/img/fancybox_overlay.png]
[hemencdn.com/interface/platinum/img/fancybox_sprite@2x.png]
[hemencdn.com/interface/platinum/img/fancybox_loading@2x.gif]
[hemencdn.com/interface/platinum/img/home-concept-icons.png]
[hemencdn.com/interface/platinum/css/main.css]
[emlakciplatinum.platinum.webdeneme.com/style6488.css]
[emlakciplatinum.platinum.webdeneme.com/WebResource80cd.js]
[emlakciplatinum.platinum.webdeneme.com/ScriptResource48ca.js]
[emlakciplatinum.platinum.webdeneme.com/ScriptResource3169.js]
[emlakciplatinum.platinum.webdeneme.com/site_document/sayfa_img/hakkimizda-769376858_b.jpg]
[emlakciplatinum.platinum.webdeneme.com/site_document/sayfa_img/hakkimizda-769376858_s.jpg]
[emlakciplatinum.platinum.webdeneme.com/hakkimizda.html]
[emlakciplatinum.platinum.webdeneme.com/site_document/urun_img/antalyada-kiralik-ev-1724773383_s.jpg]
[emlakciplatinum.platinum.webdeneme.com/site_document/urun_img/bakirkoyde-kiralik-daire-1537333516_s.jpg]
[emlakciplatinum.platinum.webdeneme.com/ilanlar/m/5.html]
[emlakciplatinum.platinum.webdeneme.com/kiralik/k/224.html]
[emlakciplatinum.platinum.webdeneme.com/satilik/k/225.html]
[emlakciplatinum.platinum.webdeneme.com/site_document/sayfa_img/kampanyada-son-nokta-1195623828_s.jpg]
[emlakciplatinum.platinum.webdeneme.com/kampanyalar/c/290.html]
[emlakciplatinum.platinum.webdeneme.com/site_document/sayfa_img/kampanyada-son-nokta-1195623828_b.jpg]
[emlakciplatinum.platinum.webdeneme.com/kampanyada-son-nokta.html]
[emlakciplatinum.platinum.webdeneme.com/site_document/files/resim/projelerimiz-12862683.jpg]
[emlakciplatinum.platinum.webdeneme.com/site_document/files/resim/_thumbs/projelerimiz-12862683.jpg]
[emlakciplatinum.platinum.webdeneme.com/site_document/files/resim/projelerimiz-453123406.jpg]
[emlakciplatinum.platinum.webdeneme.com/site_document/files/resim/_thumbs/projelerimiz-453123406.jpg]
[emlakciplatinum.platinum.webdeneme.com/site_document/files/resim/projelerimiz-1823156305.jpg]
[emlakciplatinum.platinum.webdeneme.com/site_document/files/resim/_thumbs/projelerimiz-1823156305.jpg]
[emlakciplatinum.platinum.webdeneme.com/projelerimiz.html]
[emlakciplatinum.platinum.webdeneme.com/guvenlik/Captcha.gif]
[emlakciplatinum.platinum.webdeneme.com/iletisim/m/3.html]
[emlakciplatinum.platinum.webdeneme.com/site_document/urun_img/uskudar-satilik-daire-1415442751_b.jpg]
[emlakciplatinum.platinum.webdeneme.com/uskudar-satilik-daire/p/1328.html]
[emlakciplatinum.platinum.webdeneme.com/site_document/urun_img/eyup-satilik-isyeri-1759723709_b.jpg]
[emlakciplatinum.platinum.webdeneme.com/eyup-satilik-isyeri/p/1327.html]
[emlakciplatinum.platinum.webdeneme.com/site_document/urun_img/avcilar-satilik-daire-600470407_b.jpg]
[emlakciplatinum.platinum.webdeneme.com/avcilar-satilik-daire/p/1326.html]
[emlakciplatinum.platinum.webdeneme.com/site_document/urun_img/bagcilarda-kiralik-daire-2038455565_b.jpg]
[emlakciplatinum.platinum.webdeneme.com/bagcilarda-kiralik-daire/p/1325.html]
[emlakciplatinum.platinum.webdeneme.com/yeni-urunler/m/5.html]
[emlakciplatinum.platinum.webdeneme.com/site_document/sayfa_img/3LNWVI5CN_resim_13_1_2017_13_b.jpg]
[emlakciplatinum.platinum.webdeneme.com/sosyal-medyada-bizi-takip-edin.html]
[emlakciplatinum.platinum.webdeneme.com/site_document/sayfa_img/6ZY61VV28_resim_13_1_2017_13_b.jpg]
[emlakciplatinum.platinum.webdeneme.com/hosgeldiniz.html]
[emlakciplatinum.platinum.webdeneme.com/site_document/sayfa_img/NFJIUBPPZ_resim_13_1_2017_13_b.jpg]
[emlakciplatinum.platinum.webdeneme.com/internet-sitemiz-yayinda.html]
[emlakciplatinum.platinum.webdeneme.com/haberler-duyurular/c/266.html]
[connect.facebook.net/tr_TR/sdk.js]
[hemencdn.com/interface/platinum/css/owl.video.play.html]
[hemencdn.com/interface/platinum/css/openhand.html]
[hemencdn.com/interface/platinum/css/closedhand.html]
[hemencdn.com/interface/platinum/assets/loader.html]
[hemencdn.com/interface/platinum/img/fancybox_buttons.html]
[emlakciplatinum.platinum.webdeneme.com/POST.html]
[emlakciplatinum.platinum.webdeneme.com/Firefox/index.html]
[emlakciplatinum.platinum.webdeneme.com/AppleWebKit/index.html]
[emlakciplatinum.platinum.webdeneme.com/Opera/index.html]
[emlakciplatinum.platinum.webdeneme.com/MicrosoftAjaxWebForms.html]
[emlakciplatinum.platinum.webdeneme.com/MicrosoftAjaxSerialization.html]
[emlakciplatinum.platinum.webdeneme.com/MicrosoftAjaxNetwork.html]
[emlakciplatinum.platinum.webdeneme.com/site_document/urun_img/antalyada-kiralik-ev-1724773383_b.jpg]
[emlakciplatinum.platinum.webdeneme.com/antalyada-kiralik-ev/p/1323.html]
[emlakciplatinum.platinum.webdeneme.com/site_document/urun_img/bakirkoyde-kiralik-daire-1537333516_b.jpg]
[emlakciplatinum.platinum.webdeneme.com/bakirkoyde-kiralik-daire/p/1324.html]
[emlakciplatinum.platinum.webdeneme.com/haberler/c/266.html]
[emlakciplatinum.platinum.webdeneme.com/ABCDEFGHIJKLMNOPQRSTUVWXYZabcdefghijklmnopqrstuvwxyz0123456789+/index.html]
[emlakciplatinum.platinum.webdeneme.com/^([^_/indexd41d.html]
[emlakciplatinum.platinum.webdeneme.com/restserver.html]
[emlakciplatinum.platinum.webdeneme.com/ErrorPage/index6e81.html]
